[2025-04-08 12:58:14] production.ERROR: ErrorException: Trying to get property 'chat_code' of non-object in /var/www/tsicmentorapp.org/app/Http/Controllers/Api/WebhookController.php:270
Stack trace:
#0 /var/www/tsicmentorapp.org/app/Http/Controllers/Api/WebhookController.php(270): Illuminate\Foundation\Bootstrap\HandleExceptions->handleError()
#1 [internal function]: App\Http\Controllers\Api\WebhookController->zoom()
#2 /var/www/tsicmentorapp.org/vendor/laravel/framework/src/Illuminate/Routing/Controller.php(55): call_user_func_array()
#3 /var/www/tsicmentorapp.org/vendor/laravel/framework/src/Illuminate/Routing/ControllerDispatcher.php(44): Illuminate\Routing\Controller->callAction()
#4 /var/www/tsicmentorapp.org/vendor/laravel/framework/src/Illuminate/Routing/Route.php(203): Illuminate\Routing\ControllerDispatcher->dispatch()
#5 /var/www/tsicmentorapp.org/vendor/laravel/framework/src/Illuminate/Routing/Route.php(160): Illuminate\Routing\Route->runController()
#6 /var/www/tsicmentorapp.org/vendor/laravel/framework/src/Illuminate/Routing/Router.php(572): Illuminate\Routing\Route->run()
#7 /var/www/tsicmentorapp.org/vendor/laravel/framework/src/Illuminate/Routing/Pipeline.php(30): Illuminate\Routing\Router->Illuminate\Routing\{closure}()
#8 /var/www/tsicmentorapp.org/vendor/laravel/framework/src/Illuminate/Routing/Middleware/SubstituteBindings.php(41): Illuminate\Routing\Pipeline->Illuminate\Routing\{closure}()
#9 /var/www/tsicmentorapp.org/vendor/laravel/framework/src/Illuminate/Pipeline/Pipeline.php(148): Illuminate\Routing\Middleware\SubstituteBindings->handle()
#10 /var/www/tsicmentorapp.org/vendor/laravel/framework/src/Illuminate/Routing/Pipeline.php(53): Illuminate\Pipeline\Pipeline->Illuminate\Pipeline\{closure}()
#11 /var/www/tsicmentorapp.org/vendor/laravel/framework/src/Illuminate/Routing/Middleware/ThrottleRequests.php(49): Illuminate\Routing\Pipeline->Illuminate\Routing\{closure}()
#12 /var/www/tsicmentorapp.org/vendor/laravel/framework/src/Illuminate/Pipeline/Pipeline.php(148): Illuminate\Routing\Middleware\ThrottleRequests->handle()
#13 /var/www/tsicmentorapp.org/vendor/laravel/framework/src/Illuminate/Routing/Pipeline.php(53): Illuminate\Pipeline\Pipeline->Illuminate\Pipeline\{closure}()
#14 /var/www/tsicmentorapp.org/vendor/laravel/framework/src/Illuminate/Pipeline/Pipeline.php(102): Illuminate\Routing\Pipeline->Illuminate\Routing\{closure}()
#15 /var/www/tsicmentorapp.org/vendor/laravel/framework/src/Illuminate/Routing/Router.php(574): Illuminate\Pipeline\Pipeline->then()
#16 /var/www/tsicmentorapp.org/vendor/laravel/framework/src/Illuminate/Routing/Router.php(533): Illuminate\Routing\Router->runRouteWithinStack()
#17 /var/www/tsicmentorapp.org/vendor/laravel/framework/src/Illuminate/Routing/Router.php(511): Illuminate\Routing\Router->dispatchToRoute()
#18 /var/www/tsicmentorapp.org/vendor/laravel/framework/src/Illuminate/Foundation/Http/Kernel.php(176): Illuminate\Routing\Router->dispatch()
#19 /var/www/tsicmentorapp.org/vendor/laravel/framework/src/Illuminate/Routing/Pipeline.php(30): Illuminate\Foundation\Http\Kernel->Illuminate\Foundation\Http\{closure}()
#20 /var/www/tsicmentorapp.org/vendor/laravel/framework/src/Illuminate/Foundation/Http/Middleware/TransformsRequest.php(30): Illuminate\Routing\Pipeline->Illuminate\Routing\{closure}()
#21 /var/www/tsicmentorapp.org/vendor/laravel/framework/src/Illuminate/Pipeline/Pipeline.php(148): Illuminate\Foundation\Http\Middleware\TransformsRequest->handle()
#22 /var/www/tsicmentorapp.org/vendor/laravel/framework/src/Illuminate/Routing/Pipeline.php(53): Illuminate\Pipeline\Pipeline->Illuminate\Pipeline\{closure}()
#23 /var/www/tsicmentorapp.org/vendor/laravel/framework/src/Illuminate/Foundation/Http/Middleware/TransformsRequest.php(30): Illuminate\Routing\Pipeline->Illuminate\Routing\{closure}()
#24 /var/www/tsicmentorapp.org/vendor/laravel/framework/src/Illuminate/Pipeline/Pipeline.php(148): Illuminate\Foundation\Http\Middleware\TransformsRequest->handle()
#25 /var/www/tsicmentorapp.org/vendor/laravel/framework/src/Illuminate/Routing/Pipeline.php(53): Illuminate\Pipeline\Pipeline->Illuminate\Pipeline\{closure}()
#26 /var/www/tsicmentorapp.org/vendor/laravel/framework/src/Illuminate/Foundation/Http/Middleware/ValidatePostSize.php(27): Illuminate\Routing\Pipeline->Illuminate\Routing\{closure}()
#27 /var/www/tsicmentorapp.org/vendor/laravel/framework/src/Illuminate/Pipeline/Pipeline.php(148): Illuminate\Foundation\Http\Middleware\ValidatePostSize->handle()
#28 /var/www/tsicmentorapp.org/vendor/laravel/framework/src/Illuminate/Routing/Pipeline.php(53): Illuminate\Pipeline\Pipeline->Illuminate\Pipeline\{closure}()
#29 /var/www/tsicmentorapp.org/app/Http/Middleware/BypassMaintenance.php(35): Illuminate\Routing\Pipeline->Illuminate\Routing\{closure}()
#30 /var/www/tsicmentorapp.org/vendor/laravel/framework/src/Illuminate/Pipeline/Pipeline.php(148): App\Http\Middleware\BypassMaintenance->handle()
#31 /var/www/tsicmentorapp.org/vendor/laravel/framework/src/Illuminate/Routing/Pipeline.php(53): Illuminate\Pipeline\Pipeline->Illuminate\Pipeline\{closure}()
#32 /var/www/tsicmentorapp.org/vendor/laravel/framework/src/Illuminate/Pipeline/Pipeline.php(102): Illuminate\Routing\Pipeline->Illuminate\Routing\{closure}()
#33 /var/www/tsicmentorapp.org/vendor/laravel/framework/src/Illuminate/Foundation/Http/Kernel.php(151): Illuminate\Pipeline\Pipeline->then()
#34 /var/www/tsicmentorapp.org/vendor/laravel/framework/src/Illuminate/Foundation/Http/Kernel.php(116): Illuminate\Foundation\Http\Kernel->sendRequestThroughRouter()
#35 /var/www/tsicmentorapp.org/public/index.php(53): Illuminate\Foundation\Http\Kernel->handle()
#36 /var/www/tsicmentorapp.org/index.php(36): require_once('/var/www/tsicme...')
#37 {main}  
