[2025-05-09 11:10:11] production.DEBUG: Session ID: 227725  
[2025-05-09 11:10:11] production.DEBUG: Session ID: 227741  
[2025-05-09 11:10:11] production.DEBUG: Session ID: 227742  
[2025-05-09 11:10:11] production.DEBUG: Session ID: 227743  
[2025-05-09 11:10:11] production.DEBUG: Session ID: 227748  
[2025-05-09 11:10:11] production.DEBUG: Session ID: 227785  
[2025-05-09 11:10:11] production.DEBUG: Session ID: 227787  
[2025-05-09 11:10:11] production.DEBUG: Session ID: 228112  
[2025-05-09 11:10:11] production.DEBUG: Session ID: 228154  
[2025-05-09 11:10:11] production.DEBUG: Session ID: 228158  
[2025-05-09 11:10:11] production.DEBUG: Session ID: 228439  
[2025-05-09 11:10:11] production.DEBUG: Session ID: 228445  
[2025-05-09 11:10:11] production.DEBUG: Session ID: 228644  
[2025-05-09 11:10:11] production.DEBUG: Session ID: 228710  
[2025-05-09 11:10:11] production.DEBUG: Session ID: 229114  
[2025-05-09 11:10:11] production.DEBUG: Session ID: 229575  
[2025-05-09 11:10:11] production.DEBUG: Session ID: 229717  
[2025-05-09 11:10:11] production.DEBUG: Session ID: 229878  
[2025-05-09 11:10:11] production.DEBUG: Session ID: 229958  
[2025-05-09 11:10:11] production.DEBUG: Session ID: 230169  
[2025-05-09 11:10:11] production.DEBUG: Session ID: 230290  
[2025-05-09 11:10:11] production.DEBUG: Session ID: 230360  
[2025-05-09 11:10:11] production.DEBUG: Session ID: 230801  
[2025-05-09 11:10:11] production.DEBUG: Session ID: 230974  
[2025-05-09 11:10:11] production.DEBUG: Session ID: 230975  
[2025-05-09 11:10:11] production.DEBUG: Session ID: 231281  
[2025-05-09 11:10:11] production.DEBUG: Session ID: 231430  
[2025-05-09 11:10:11] production.DEBUG: Session ID: 231609  
[2025-05-09 11:10:11] production.DEBUG: Session ID: 231610  
[2025-05-09 11:10:11] production.DEBUG: Session ID: 231622  
[2025-05-09 11:10:11] production.DEBUG: Session ID: 231623  
[2025-05-09 11:10:11] production.DEBUG: Session ID: 231629  
[2025-05-09 11:10:11] production.DEBUG: Session ID: 231630  
[2025-05-09 11:10:11] production.DEBUG: Session ID: 231635  
[2025-05-09 11:10:11] production.DEBUG: Session ID: 231637  
[2025-05-09 11:10:11] production.DEBUG: Session ID: 231638  
[2025-05-09 11:10:11] production.DEBUG: Session ID: 231643  
[2025-05-09 11:10:11] production.DEBUG: Session ID: 231645  
[2025-05-09 11:10:11] production.DEBUG: Session ID: 231652  
[2025-05-09 11:10:11] production.DEBUG: Session ID: 231753  
[2025-05-09 11:10:11] production.DEBUG: Session ID: 231839  
[2025-05-09 11:10:11] production.DEBUG: Session ID: 231934  
[2025-05-09 11:10:11] production.DEBUG: Session ID: 232265  
[2025-05-09 11:10:11] production.DEBUG: Session ID: 232325  
[2025-05-09 11:10:11] production.DEBUG: Session ID: 233184  
[2025-05-09 11:10:11] production.DEBUG: Session ID: 233245  
[2025-05-09 11:10:11] production.DEBUG: Session ID: 233806  
[2025-05-09 11:10:11] production.DEBUG: Session ID: 233897  
[2025-05-09 11:10:11] production.DEBUG: Session ID: 233913  
[2025-05-09 11:10:11] production.DEBUG: Session ID: 233916  
[2025-05-09 11:10:11] production.DEBUG: Session ID: 234104  
[2025-05-09 11:10:11] production.DEBUG: Session ID: 234340  
[2025-05-09 11:10:11] production.DEBUG: Session ID: 234341  
[2025-05-09 11:10:11] production.DEBUG: Session ID: 235591  
[2025-05-09 11:10:11] production.DEBUG: Session ID: 235592  
[2025-05-09 11:10:11] production.DEBUG: Session ID: 235605  
[2025-05-09 11:10:11] production.DEBUG: Session ID: 236095  
[2025-05-09 11:10:11] production.DEBUG: Session ID: 236146  
[2025-05-09 11:10:11] production.DEBUG: Session ID: 236453  
[2025-05-09 11:10:11] production.DEBUG: Session ID: 236500  
[2025-05-09 11:10:11] production.DEBUG: Session ID: 236672  
[2025-05-09 11:10:11] production.DEBUG: Session ID: 236853  
[2025-05-09 11:10:11] production.DEBUG: Session ID: 236887  
[2025-05-09 11:10:11] production.DEBUG: Session ID: 238136  
[2025-05-09 11:10:12] production.DEBUG: Session ID: 238295  
[2025-05-09 11:10:12] production.DEBUG: Session ID: 238326  
[2025-05-09 11:10:12] production.DEBUG: Session ID: 238437  
[2025-05-09 11:10:12] production.DEBUG: Session ID: 238620  
[2025-05-09 11:10:12] production.DEBUG: Session ID: 238703  
[2025-05-09 11:10:12] production.DEBUG: Session ID: 238888  
[2025-05-09 11:10:12] production.DEBUG: Session ID: 239198  
[2025-05-09 11:10:12] production.DEBUG: Session ID: 239199  
[2025-05-09 11:10:12] production.DEBUG: Session ID: 239592  
[2025-05-09 11:10:12] production.DEBUG: Session ID: 240742  
[2025-05-09 11:10:12] production.DEBUG: Session ID: 241297  
[2025-05-09 11:10:12] production.DEBUG: Session ID: 241298  
[2025-05-09 11:10:12] production.DEBUG: Session ID: 241309  
[2025-05-09 11:10:12] production.DEBUG: Session ID: 241311  
[2025-05-09 11:10:12] production.DEBUG: Session ID: 241312  
[2025-05-09 11:10:12] production.DEBUG: Session ID: 241314  
[2025-05-09 11:10:12] production.DEBUG: Session ID: 241315  
[2025-05-09 11:10:12] production.DEBUG: Session ID: 241317  
[2025-05-09 11:10:12] production.DEBUG: Session ID: 241457  
[2025-05-09 11:10:12] production.DEBUG: Session ID: 241687  
[2025-05-09 11:10:12] production.DEBUG: Session ID: 242194  
[2025-05-09 11:10:12] production.DEBUG: Session ID: 243035  
[2025-05-09 11:10:12] production.DEBUG: Session ID: 243036  
[2025-05-09 11:10:12] production.DEBUG: Session ID: 243037  
[2025-05-09 11:10:12] production.DEBUG: Session ID: 243574  
[2025-05-09 11:10:12] production.DEBUG: Session ID: 244250  
[2025-05-09 11:10:12] production.DEBUG: Session ID: 245163  
[2025-05-09 11:10:12] production.DEBUG: Session ID: 245242  
[2025-05-09 11:10:12] production.DEBUG: Session ID: 245815  
[2025-05-09 11:10:12] production.DEBUG: Session ID: 246262  
[2025-05-09 11:10:12] production.DEBUG: Session ID: 246673  
[2025-05-09 11:10:12] production.DEBUG: Session ID: 246918  
[2025-05-09 11:10:12] production.DEBUG: Session ID: 246968  
[2025-05-09 11:10:12] production.DEBUG: Session ID: 247539  
[2025-05-09 11:10:12] production.DEBUG: Session ID: 247558  
[2025-05-09 11:10:12] production.DEBUG: Session ID: 247817  
[2025-05-09 11:10:12] production.DEBUG: Session ID: 249585  
[2025-05-09 11:10:12] production.DEBUG: Session ID: 249911  
[2025-05-09 11:10:12] production.DEBUG: Session ID: 250399  
[2025-05-09 11:10:12] production.DEBUG: Session ID: 250417  
[2025-05-09 11:10:12] production.DEBUG: Session ID: 251633  
[2025-05-09 11:10:12] production.DEBUG: Session ID: 252183  
[2025-05-09 11:10:12] production.DEBUG: Session ID: 252456  
[2025-05-09 11:10:12] production.DEBUG: Session ID: 252457  
[2025-05-09 11:10:12] production.DEBUG: Session ID: 252469  
[2025-05-09 11:10:12] production.DEBUG: Session ID: 252472  
[2025-05-09 11:10:12] production.DEBUG: Session ID: 252473  
[2025-05-09 11:10:12] production.DEBUG: Session ID: 252476  
[2025-05-09 11:10:12] production.DEBUG: Session ID: 252478  
[2025-05-09 11:10:12] production.DEBUG: Session ID: 252479  
[2025-05-09 11:10:12] production.DEBUG: Session ID: 252482  
[2025-05-09 11:10:12] production.DEBUG: Session ID: 252487  
[2025-05-09 11:10:12] production.DEBUG: Session ID: 252489  
[2025-05-09 11:10:12] production.DEBUG: Session ID: 252490  
[2025-05-09 11:10:12] production.DEBUG: Session ID: 252536  
[2025-05-09 11:10:12] production.DEBUG: Session ID: 252563  
[2025-05-09 11:10:12] production.DEBUG: Session ID: 252697  
[2025-05-09 11:10:12] production.DEBUG: Session ID: 253460  
[2025-05-09 11:10:12] production.DEBUG: Session ID: 254266  
[2025-05-09 11:10:12] production.DEBUG: Session ID: 254857  
[2025-05-09 11:10:12] production.DEBUG: Session ID: 254865  
[2025-05-09 11:10:12] production.DEBUG: Session ID: 255195  
[2025-05-09 11:10:12] production.DEBUG: Session ID: 255338  
[2025-05-09 11:10:12] production.DEBUG: Session ID: 255393  
[2025-05-09 11:10:12] production.DEBUG: Session ID: 255655  
[2025-05-09 11:10:12] production.DEBUG: Session ID: 255674  
[2025-05-09 11:10:12] production.DEBUG: Session ID: 256273  
[2025-05-09 11:10:12] production.DEBUG: Session ID: 257253  
[2025-05-09 11:10:12] production.DEBUG: Session ID: 257823  
[2025-05-09 11:10:12] production.DEBUG: Session ID: 258368  
[2025-05-09 11:10:12] production.DEBUG: Session ID: 258748  
[2025-05-09 11:10:12] production.DEBUG: Session ID: 259137  
[2025-05-09 11:10:12] production.DEBUG: Session ID: 259368  
[2025-05-09 11:10:12] production.DEBUG: Session ID: 259387  
[2025-05-09 11:10:12] production.DEBUG: Session ID: 259997  
[2025-05-09 11:10:12] production.DEBUG: Session ID: 260022  
[2025-05-09 11:10:12] production.DEBUG: Session ID: 260069  
[2025-05-09 11:10:12] production.DEBUG: Session ID: 260070  
[2025-05-09 11:10:12] production.DEBUG: Session ID: 260080  
[2025-05-09 11:10:12] production.DEBUG: Session ID: 260081  
[2025-05-09 11:10:12] production.DEBUG: Session ID: 260117  
[2025-05-09 11:10:12] production.DEBUG: Session ID: 260118  
[2025-05-09 11:10:12] production.DEBUG: Session ID: 260119  
[2025-05-09 11:10:12] production.DEBUG: Session ID: 260125  
[2025-05-09 11:10:12] production.DEBUG: Session ID: 260694  
[2025-05-09 11:10:12] production.DEBUG: Session ID: 260735  
[2025-05-09 11:10:12] production.DEBUG: Session ID: 260848  
[2025-05-09 11:10:12] production.DEBUG: Session ID: 260965  
[2025-05-09 11:10:13] production.DEBUG: Session ID: 261017  
[2025-05-09 11:10:13] production.DEBUG: Session ID: 261032  
[2025-05-09 11:10:13] production.DEBUG: Session ID: 261546  
[2025-05-09 11:10:13] production.DEBUG: Session ID: 261956  
[2025-05-09 11:10:13] production.DEBUG: Session ID: 262197  
[2025-05-09 11:10:13] production.DEBUG: Session ID: 262384  
[2025-05-09 11:10:13] production.DEBUG: Session ID: 262843  
[2025-05-09 11:10:13] production.DEBUG: Session ID: 262905  
[2025-05-09 11:10:13] production.DEBUG: Session ID: 263162  
[2025-05-09 11:10:13] production.DEBUG: Session ID: 263169  
[2025-05-09 11:10:13] production.DEBUG: Session ID: 263340  
[2025-05-09 11:10:13] production.DEBUG: Session ID: 263563  
[2025-05-09 11:10:13] production.DEBUG: Session ID: 263572  
[2025-05-09 11:10:13] production.DEBUG: Session ID: 264178  
[2025-05-09 11:10:13] production.DEBUG: Session ID: 264195  
[2025-05-09 11:10:13] production.DEBUG: Session ID: 264495  
[2025-05-09 11:10:13] production.DEBUG: Session ID: 264944  
[2025-05-09 11:10:13] production.DEBUG: Session ID: 264945  
[2025-05-09 11:10:13] production.DEBUG: Session ID: 264953  
[2025-05-09 11:10:13] production.DEBUG: Session ID: 264954  
[2025-05-09 11:10:13] production.DEBUG: Session ID: 264957  
[2025-05-09 11:10:13] production.DEBUG: Session ID: 264960  
[2025-05-09 11:10:13] production.DEBUG: Session ID: 265147  
[2025-05-09 11:10:13] production.DEBUG: Session ID: 266262  
[2025-05-09 11:10:13] production.DEBUG: Session ID: 266328  
[2025-05-09 11:10:13] production.DEBUG: Session ID: 266893  
[2025-05-09 11:10:13] production.DEBUG: Session ID: 268003  
[2025-05-09 11:10:13] production.DEBUG: Session ID: 268200  
[2025-05-09 11:10:13] production.DEBUG: Session ID: 268253  
[2025-05-09 11:10:13] production.DEBUG: Session ID: 268615  
[2025-05-09 11:10:13] production.DEBUG: Session ID: 268679  
[2025-05-09 11:10:13] production.DEBUG: Session ID: 268680  
[2025-05-09 11:10:13] production.DEBUG: Session ID: 268699  
[2025-05-09 11:10:13] production.DEBUG: Session ID: 268760  
[2025-05-09 11:10:13] production.DEBUG: Session ID: 268772  
[2025-05-09 11:10:13] production.DEBUG: Session ID: 268780  
[2025-05-09 11:10:13] production.DEBUG: Session ID: 268793  
[2025-05-09 11:10:13] production.DEBUG: Session ID: 269580  
[2025-05-09 11:10:13] production.DEBUG: Session ID: 269902  
[2025-05-09 11:10:13] production.DEBUG: Session ID: 270201  
[2025-05-09 11:10:13] production.DEBUG: Session ID: 270287  
[2025-05-09 11:10:13] production.DEBUG: Session ID: 270385  
[2025-05-09 11:10:13] production.DEBUG: Session ID: 270708  
[2025-05-09 11:10:13] production.DEBUG: Session ID: 270711  
[2025-05-09 11:10:13] production.DEBUG: Session ID: 270755  
[2025-05-09 11:10:13] production.DEBUG: Session ID: 270801  
[2025-05-09 11:10:13] production.DEBUG: Session ID: 270802  
[2025-05-09 11:10:13] production.DEBUG: Session ID: 270804  
[2025-05-09 11:10:13] production.DEBUG: Session ID: 270878  
[2025-05-09 11:10:13] production.DEBUG: Session ID: 270883  
[2025-05-09 11:10:13] production.DEBUG: Session ID: 270886  
[2025-05-09 11:10:13] production.DEBUG: Session ID: 271738  
[2025-05-09 11:10:13] production.DEBUG: Session ID: 272148  
[2025-05-09 11:10:13] production.DEBUG: Session ID: 273341  
[2025-05-09 11:10:13] production.DEBUG: Session ID: 273613  
[2025-05-09 11:10:13] production.DEBUG: Session ID: 273614  
[2025-05-09 11:10:13] production.DEBUG: Session ID: 273751  
[2025-05-09 11:10:13] production.DEBUG: Session ID: 273796  
[2025-05-09 11:10:13] production.DEBUG: Session ID: 274557  
[2025-05-09 11:10:13] production.DEBUG: Session ID: 275106  
[2025-05-09 11:10:13] production.DEBUG: Session ID: 275152  
[2025-05-09 11:10:13] production.DEBUG: Session ID: 277006  
[2025-05-09 11:10:13] production.DEBUG: Session ID: 277008  
[2025-05-09 11:10:13] production.DEBUG: Session ID: 277161  
[2025-05-09 11:10:13] production.DEBUG: Session ID: 277695  
[2025-05-09 11:10:13] production.DEBUG: Session ID: 277842  
[2025-05-09 11:10:13] production.DEBUG: Session ID: 277843  
[2025-05-09 11:10:13] production.DEBUG: Session ID: 278163  
[2025-05-09 11:10:13] production.DEBUG: Session ID: 278437  
[2025-05-09 11:10:13] production.DEBUG: Session ID: 278537  
[2025-05-09 11:10:13] production.DEBUG: Session ID: 278881  
[2025-05-09 11:10:13] production.DEBUG: Session ID: 280254  
[2025-05-09 11:10:13] production.DEBUG: Session ID: 280268  
[2025-05-09 11:10:13] production.DEBUG: Session ID: 280299  
[2025-05-09 11:10:13] production.DEBUG: Session ID: 280785  
[2025-05-09 11:10:13] production.DEBUG: Session ID: 281022  
[2025-05-09 11:10:13] production.DEBUG: Session ID: 281079  
[2025-05-09 11:10:13] production.DEBUG: Session ID: 281080  
[2025-05-09 11:10:13] production.DEBUG: Session ID: 281103  
[2025-05-09 11:10:13] production.DEBUG: Session ID: 281547  
[2025-05-09 11:10:13] production.DEBUG: Session ID: 281974  
[2025-05-09 11:10:14] production.DEBUG: Session ID: 282319  
[2025-05-09 11:10:14] production.DEBUG: Session ID: 282819  
[2025-05-09 11:10:14] production.DEBUG: Session ID: 282867  
[2025-05-09 11:10:14] production.DEBUG: Session ID: 283828  
[2025-05-09 11:10:14] production.DEBUG: Session ID: 285170  
[2025-05-09 11:10:14] production.DEBUG: Session ID: 285205  
[2025-05-09 11:10:14] production.DEBUG: Session ID: 285283  
[2025-05-09 11:10:14] production.DEBUG: Session ID: 285284  
[2025-05-09 11:10:14] production.DEBUG: Session ID: 287366  
[2025-05-09 11:10:14] production.DEBUG: Session ID: 287846  
[2025-05-09 11:10:14] production.DEBUG: Session ID: 288022  
[2025-05-09 11:10:14] production.DEBUG: Session ID: 288249  
[2025-05-09 11:10:14] production.DEBUG: Session ID: 288896  
[2025-05-09 11:10:14] production.DEBUG: Session ID: 289059  
[2025-05-09 11:10:14] production.DEBUG: Session ID: 289074  
[2025-05-09 11:10:14] production.DEBUG: Session ID: 289821  
[2025-05-09 11:10:14] production.DEBUG: Session ID: 290953  
[2025-05-09 11:10:14] production.DEBUG: Session ID: 290990  
[2025-05-09 11:10:14] production.DEBUG: Session ID: 291169  
[2025-05-09 11:10:14] production.DEBUG: Session ID: 291688  
[2025-05-09 11:10:14] production.DEBUG: Session ID: 291850  
[2025-05-09 11:10:16] production.DEBUG: url: https://tsicmentorapp.org/api/middleware/createSession  
[2025-05-09 11:10:16] production.DEBUG: error message: Server error: `POST https://tsicmentorapp.org/api/middleware/createSession` resulted in a `500 Internal Server Error` response:
<!DOCTYPE html>
<html>
    <head>
        <meta charset="UTF-8" />
        <meta name="robots" content="noindex,nofollow (truncated...)
  
[2025-05-09 11:10:16] production.DEBUG: API response 1:   
[2025-05-09 11:10:16] production.ERROR: Failed to process session ID: 291850. Error: Trying to get property 'id' of non-object  
[2025-05-09 11:10:16] production.DEBUG: Session ID: 291852  
[2025-05-09 11:10:18] production.DEBUG: url: https://tsicmentorapp.org/api/middleware/createSession  
[2025-05-09 11:10:18] production.DEBUG: error message: Server error: `POST https://tsicmentorapp.org/api/middleware/createSession` resulted in a `500 Internal Server Error` response:
<!DOCTYPE html>
<html>
    <head>
        <meta charset="UTF-8" />
        <meta name="robots" content="noindex,nofollow (truncated...)
  
[2025-05-09 11:10:18] production.DEBUG: API response 1:   
[2025-05-09 11:10:18] production.ERROR: Failed to process session ID: 291852. Error: Trying to get property 'id' of non-object  
[2025-05-09 11:10:18] production.DEBUG: Session ID: 291853  
[2025-05-09 11:10:20] production.DEBUG: url: https://tsicmentorapp.org/api/middleware/createSession  
[2025-05-09 11:10:21] production.DEBUG: error message: Server error: `POST https://tsicmentorapp.org/api/middleware/createSession` resulted in a `500 Internal Server Error` response:
<!DOCTYPE html>
<html>
    <head>
        <meta charset="UTF-8" />
        <meta name="robots" content="noindex,nofollow (truncated...)
  
[2025-05-09 11:10:21] production.DEBUG: API response 1:   
[2025-05-09 11:10:21] production.ERROR: Failed to process session ID: 291853. Error: Trying to get property 'id' of non-object  
[2025-05-09 11:10:21] production.DEBUG: Session ID: 291854  
[2025-05-09 11:10:23] production.DEBUG: url: https://tsicmentorapp.org/api/middleware/createSession  
[2025-05-09 11:10:23] production.DEBUG: error message: Server error: `POST https://tsicmentorapp.org/api/middleware/createSession` resulted in a `500 Internal Server Error` response:
<!DOCTYPE html>
<html>
    <head>
        <meta charset="UTF-8" />
        <meta name="robots" content="noindex,nofollow (truncated...)
  
[2025-05-09 11:10:23] production.DEBUG: API response 1:   
[2025-05-09 11:10:23] production.ERROR: Failed to process session ID: 291854. Error: Trying to get property 'id' of non-object  
[2025-05-09 11:10:23] production.DEBUG: Session ID: 291855  
[2025-05-09 11:10:25] production.DEBUG: url: https://tsicmentorapp.org/api/middleware/createSession  
[2025-05-09 11:10:25] production.DEBUG: error message: Server error: `POST https://tsicmentorapp.org/api/middleware/createSession` resulted in a `500 Internal Server Error` response:
<!DOCTYPE html>
<html>
    <head>
        <meta charset="UTF-8" />
        <meta name="robots" content="noindex,nofollow (truncated...)
  
[2025-05-09 11:10:25] production.DEBUG: API response 1:   
[2025-05-09 11:10:25] production.ERROR: Failed to process session ID: 291855. Error: Trying to get property 'id' of non-object  
[2025-05-09 11:10:25] production.DEBUG: Session ID: 291857  
[2025-05-09 11:10:27] production.DEBUG: url: https://tsicmentorapp.org/api/middleware/createSession  
[2025-05-09 11:10:27] production.DEBUG: error message: Server error: `POST https://tsicmentorapp.org/api/middleware/createSession` resulted in a `500 Internal Server Error` response:
<!DOCTYPE html>
<html>
    <head>
        <meta charset="UTF-8" />
        <meta name="robots" content="noindex,nofollow (truncated...)
  
[2025-05-09 11:10:27] production.DEBUG: API response 1:   
[2025-05-09 11:10:27] production.ERROR: Failed to process session ID: 291857. Error: Trying to get property 'id' of non-object  
[2025-05-09 11:10:27] production.DEBUG: Session ID: 291859  
[2025-05-09 11:10:29] production.DEBUG: url: https://tsicmentorapp.org/api/middleware/createSession  
[2025-05-09 11:10:30] production.DEBUG: error message: Server error: `POST https://tsicmentorapp.org/api/middleware/createSession` resulted in a `500 Internal Server Error` response:
<!DOCTYPE html>
<html>
    <head>
        <meta charset="UTF-8" />
        <meta name="robots" content="noindex,nofollow (truncated...)
  
[2025-05-09 11:10:30] production.DEBUG: API response 1:   
[2025-05-09 11:10:30] production.ERROR: Failed to process session ID: 291859. Error: Trying to get property 'id' of non-object  
[2025-05-09 11:10:30] production.DEBUG: Session ID: 291863  
[2025-05-09 11:10:32] production.DEBUG: url: https://tsicmentorapp.org/api/middleware/createSession  
[2025-05-09 11:10:32] production.DEBUG: error message: Server error: `POST https://tsicmentorapp.org/api/middleware/createSession` resulted in a `500 Internal Server Error` response:
<!DOCTYPE html>
<html>
    <head>
        <meta charset="UTF-8" />
        <meta name="robots" content="noindex,nofollow (truncated...)
  
[2025-05-09 11:10:32] production.DEBUG: API response 1:   
[2025-05-09 11:10:32] production.ERROR: Failed to process session ID: 291863. Error: Trying to get property 'id' of non-object  
[2025-05-09 11:10:32] production.DEBUG: Session ID: 291865  
[2025-05-09 11:10:34] production.DEBUG: url: https://tsicmentorapp.org/api/middleware/createSession  
[2025-05-09 11:10:34] production.DEBUG: error message: Server error: `POST https://tsicmentorapp.org/api/middleware/createSession` resulted in a `500 Internal Server Error` response:
<!DOCTYPE html>
<html>
    <head>
        <meta charset="UTF-8" />
        <meta name="robots" content="noindex,nofollow (truncated...)
  
[2025-05-09 11:10:34] production.DEBUG: API response 1:   
[2025-05-09 11:10:34] production.ERROR: Failed to process session ID: 291865. Error: Trying to get property 'id' of non-object  
[2025-05-09 11:10:34] production.DEBUG: Session ID: 291866  
[2025-05-09 11:10:36] production.DEBUG: url: https://tsicmentorapp.org/api/middleware/createSession  
[2025-05-09 11:10:36] production.DEBUG: error message: Server error: `POST https://tsicmentorapp.org/api/middleware/createSession` resulted in a `500 Internal Server Error` response:
<!DOCTYPE html>
<html>
    <head>
        <meta charset="UTF-8" />
        <meta name="robots" content="noindex,nofollow (truncated...)
  
[2025-05-09 11:10:36] production.DEBUG: API response 1:   
[2025-05-09 11:10:36] production.ERROR: Failed to process session ID: 291866. Error: Trying to get property 'id' of non-object  
[2025-05-09 11:10:36] production.DEBUG: Session ID: 291868  
[2025-05-09 11:10:38] production.DEBUG: url: https://tsicmentorapp.org/api/middleware/createSession  
[2025-05-09 11:10:38] production.DEBUG: error message: Server error: `POST https://tsicmentorapp.org/api/middleware/createSession` resulted in a `500 Internal Server Error` response:
<!DOCTYPE html>
<html>
    <head>
        <meta charset="UTF-8" />
        <meta name="robots" content="noindex,nofollow (truncated...)
  
[2025-05-09 11:10:38] production.DEBUG: API response 1:   
[2025-05-09 11:10:38] production.ERROR: Failed to process session ID: 291868. Error: Trying to get property 'id' of non-object  
[2025-05-09 11:10:39] production.DEBUG: Session ID: 291870  
[2025-05-09 11:10:41] production.DEBUG: url: https://tsicmentorapp.org/api/middleware/createSession  
[2025-05-09 11:10:41] production.DEBUG: error message: Server error: `POST https://tsicmentorapp.org/api/middleware/createSession` resulted in a `500 Internal Server Error` response:
<!DOCTYPE html>
<html>
    <head>
        <meta charset="UTF-8" />
        <meta name="robots" content="noindex,nofollow (truncated...)
  
[2025-05-09 11:10:41] production.DEBUG: API response 1:   
[2025-05-09 11:10:41] production.ERROR: Failed to process session ID: 291870. Error: Trying to get property 'id' of non-object  
[2025-05-09 11:10:41] production.DEBUG: Session ID: 291871  
[2025-05-09 11:10:43] production.DEBUG: url: https://tsicmentorapp.org/api/middleware/createSession  
[2025-05-09 11:10:43] production.DEBUG: error message: Server error: `POST https://tsicmentorapp.org/api/middleware/createSession` resulted in a `500 Internal Server Error` response:
<!DOCTYPE html>
<html>
    <head>
        <meta charset="UTF-8" />
        <meta name="robots" content="noindex,nofollow (truncated...)
  
[2025-05-09 11:10:43] production.DEBUG: API response 1:   
[2025-05-09 11:10:43] production.ERROR: Failed to process session ID: 291871. Error: Trying to get property 'id' of non-object  
[2025-05-09 11:10:43] production.DEBUG: Session ID: 291872  
[2025-05-09 11:10:45] production.DEBUG: url: https://tsicmentorapp.org/api/middleware/createSession  
[2025-05-09 11:10:45] production.DEBUG: error message: Server error: `POST https://tsicmentorapp.org/api/middleware/createSession` resulted in a `500 Internal Server Error` response:
<!DOCTYPE html>
<html>
    <head>
        <meta charset="UTF-8" />
        <meta name="robots" content="noindex,nofollow (truncated...)
  
[2025-05-09 11:10:45] production.DEBUG: API response 1:   
[2025-05-09 11:10:45] production.ERROR: Failed to process session ID: 291872. Error: Trying to get property 'id' of non-object  
[2025-05-09 11:10:45] production.DEBUG: Session ID: 291873  
[2025-05-09 11:10:47] production.DEBUG: url: https://tsicmentorapp.org/api/middleware/createSession  
[2025-05-09 11:10:47] production.DEBUG: error message: Server error: `POST https://tsicmentorapp.org/api/middleware/createSession` resulted in a `500 Internal Server Error` response:
<!DOCTYPE html>
<html>
    <head>
        <meta charset="UTF-8" />
        <meta name="robots" content="noindex,nofollow (truncated...)
  
[2025-05-09 11:10:47] production.DEBUG: API response 1:   
[2025-05-09 11:10:47] production.ERROR: Failed to process session ID: 291873. Error: Trying to get property 'id' of non-object  
[2025-05-09 11:10:47] production.DEBUG: Session ID: 291874  
[2025-05-09 11:10:49] production.DEBUG: url: https://tsicmentorapp.org/api/middleware/createSession  
[2025-05-09 11:10:50] production.DEBUG: error message: Server error: `POST https://tsicmentorapp.org/api/middleware/createSession` resulted in a `500 Internal Server Error` response:
<!DOCTYPE html>
<html>
    <head>
        <meta charset="UTF-8" />
        <meta name="robots" content="noindex,nofollow (truncated...)
  
[2025-05-09 11:10:50] production.DEBUG: API response 1:   
[2025-05-09 11:10:50] production.ERROR: Failed to process session ID: 291874. Error: Trying to get property 'id' of non-object  
[2025-05-09 11:10:50] production.DEBUG: Session ID: 291875  
[2025-05-09 11:10:52] production.DEBUG: url: https://tsicmentorapp.org/api/middleware/createSession  
[2025-05-09 11:10:52] production.DEBUG: error message: Server error: `POST https://tsicmentorapp.org/api/middleware/createSession` resulted in a `500 Internal Server Error` response:
<!DOCTYPE html>
<html>
    <head>
        <meta charset="UTF-8" />
        <meta name="robots" content="noindex,nofollow (truncated...)
  
[2025-05-09 11:10:52] production.DEBUG: API response 1:   
[2025-05-09 11:10:52] production.ERROR: Failed to process session ID: 291875. Error: Trying to get property 'id' of non-object  
[2025-05-09 11:10:52] production.DEBUG: Session ID: 292794  
[2025-05-09 11:10:52] production.DEBUG: Session ID: 293085  
[2025-05-09 11:10:52] production.DEBUG: Session ID: 293857  
[2025-05-09 11:10:52] production.DEBUG: Session ID: 293921  
[2025-05-09 11:10:52] production.DEBUG: Session ID: 294415  
[2025-05-09 11:10:52] production.DEBUG: Session ID: 295402  
[2025-05-09 11:10:52] production.DEBUG: Session ID: 295655  
[2025-05-09 11:10:52] production.DEBUG: Session ID: 295786  
[2025-05-09 11:10:52] production.DEBUG: Session ID: 296037  
[2025-05-09 11:10:52] production.DEBUG: Session ID: 296406  
[2025-05-09 11:10:52] production.DEBUG: Session ID: 297062  
[2025-05-09 11:10:52] production.DEBUG: Session ID: 297475  
[2025-05-09 11:10:52] production.DEBUG: Session ID: 297568  
[2025-05-09 11:10:52] production.DEBUG: Session ID: 297656  
[2025-05-09 11:10:52] production.DEBUG: Session ID: 298122  
[2025-05-09 11:10:52] production.DEBUG: Session ID: 298211  
[2025-05-09 11:10:52] production.DEBUG: Session ID: 298216  
[2025-05-09 11:10:52] production.DEBUG: Session ID: 298227  
[2025-05-09 11:10:52] production.DEBUG: Session ID: 298553  
[2025-05-09 11:10:52] production.DEBUG: Session ID: 298660  
[2025-05-09 11:10:52] production.DEBUG: Session ID: 298689  
[2025-05-09 11:10:54] production.DEBUG: url: https://tsicmentorapp.org/api/middleware/createSession  
[2025-05-09 11:10:54] production.DEBUG: error message: Server error: `POST https://tsicmentorapp.org/api/middleware/createSession` resulted in a `500 Internal Server Error` response:
<!DOCTYPE html>
<html>
    <head>
        <meta charset="UTF-8" />
        <meta name="robots" content="noindex,nofollow (truncated...)
  
[2025-05-09 11:10:54] production.DEBUG: API response 1:   
[2025-05-09 11:10:54] production.ERROR: Failed to process session ID: 298689. Error: Trying to get property 'id' of non-object  
[2025-05-09 11:10:54] production.DEBUG: Session ID: 298690  
[2025-05-09 11:10:56] production.DEBUG: url: https://tsicmentorapp.org/api/middleware/createSession  
[2025-05-09 11:10:57] production.DEBUG: error message: Server error: `POST https://tsicmentorapp.org/api/middleware/createSession` resulted in a `500 Internal Server Error` response:
<!DOCTYPE html>
<html>
    <head>
        <meta charset="UTF-8" />
        <meta name="robots" content="noindex,nofollow (truncated...)
  
[2025-05-09 11:10:57] production.DEBUG: API response 1:   
[2025-05-09 11:10:57] production.ERROR: Failed to process session ID: 298690. Error: Trying to get property 'id' of non-object  
[2025-05-09 11:10:57] production.DEBUG: Session ID: 298691  
[2025-05-09 11:10:59] production.DEBUG: url: https://tsicmentorapp.org/api/middleware/createSession  
[2025-05-09 11:10:59] production.DEBUG: error message: Server error: `POST https://tsicmentorapp.org/api/middleware/createSession` resulted in a `500 Internal Server Error` response:
<!DOCTYPE html>
<html>
    <head>
        <meta charset="UTF-8" />
        <meta name="robots" content="noindex,nofollow (truncated...)
  
[2025-05-09 11:10:59] production.DEBUG: API response 1:   
[2025-05-09 11:10:59] production.ERROR: Failed to process session ID: 298691. Error: Trying to get property 'id' of non-object  
[2025-05-09 11:10:59] production.DEBUG: Session ID: 298692  
[2025-05-09 11:11:01] production.DEBUG: url: https://tsicmentorapp.org/api/middleware/createSession  
[2025-05-09 11:11:01] production.DEBUG: error message: Server error: `POST https://tsicmentorapp.org/api/middleware/createSession` resulted in a `500 Internal Server Error` response:
<!DOCTYPE html>
<html>
    <head>
        <meta charset="UTF-8" />
        <meta name="robots" content="noindex,nofollow (truncated...)
  
[2025-05-09 11:11:01] production.DEBUG: API response 1:   
[2025-05-09 11:11:01] production.ERROR: Failed to process session ID: 298692. Error: Trying to get property 'id' of non-object  
[2025-05-09 11:11:01] production.DEBUG: Session ID: 298693  
[2025-05-09 11:11:03] production.DEBUG: url: https://tsicmentorapp.org/api/middleware/createSession  
[2025-05-09 11:11:03] production.DEBUG: error message: Server error: `POST https://tsicmentorapp.org/api/middleware/createSession` resulted in a `500 Internal Server Error` response:
<!DOCTYPE html>
<html>
    <head>
        <meta charset="UTF-8" />
        <meta name="robots" content="noindex,nofollow (truncated...)
  
[2025-05-09 11:11:03] production.DEBUG: API response 1:   
[2025-05-09 11:11:03] production.ERROR: Failed to process session ID: 298693. Error: Trying to get property 'id' of non-object  
[2025-05-09 11:11:03] production.DEBUG: Session ID: 298694  
[2025-05-09 11:11:05] production.DEBUG: url: https://tsicmentorapp.org/api/middleware/createSession  
[2025-05-09 11:11:05] production.DEBUG: error message: Server error: `POST https://tsicmentorapp.org/api/middleware/createSession` resulted in a `500 Internal Server Error` response:
<!DOCTYPE html>
<html>
    <head>
        <meta charset="UTF-8" />
        <meta name="robots" content="noindex,nofollow (truncated...)
  
[2025-05-09 11:11:05] production.DEBUG: API response 1:   
[2025-05-09 11:11:05] production.ERROR: Failed to process session ID: 298694. Error: Trying to get property 'id' of non-object  
[2025-05-09 11:11:05] production.DEBUG: Session ID: 298695  
[2025-05-09 11:11:08] production.DEBUG: url: https://tsicmentorapp.org/api/middleware/createSession  
[2025-05-09 11:11:08] production.DEBUG: error message: Server error: `POST https://tsicmentorapp.org/api/middleware/createSession` resulted in a `500 Internal Server Error` response:
<!DOCTYPE html>
<html>
    <head>
        <meta charset="UTF-8" />
        <meta name="robots" content="noindex,nofollow (truncated...)
  
[2025-05-09 11:11:08] production.DEBUG: API response 1:   
[2025-05-09 11:11:08] production.ERROR: Failed to process session ID: 298695. Error: Trying to get property 'id' of non-object  
[2025-05-09 11:11:08] production.DEBUG: Session ID: 298696  
[2025-05-09 11:11:10] production.DEBUG: url: https://tsicmentorapp.org/api/middleware/createSession  
[2025-05-09 11:11:10] production.DEBUG: error message: Server error: `POST https://tsicmentorapp.org/api/middleware/createSession` resulted in a `500 Internal Server Error` response:
<!DOCTYPE html>
<html>
    <head>
        <meta charset="UTF-8" />
        <meta name="robots" content="noindex,nofollow (truncated...)
  
[2025-05-09 11:11:10] production.DEBUG: API response 1:   
[2025-05-09 11:11:10] production.ERROR: Failed to process session ID: 298696. Error: Trying to get property 'id' of non-object  
[2025-05-09 11:11:10] production.DEBUG: Session ID: 298935  
[2025-05-09 11:11:12] production.DEBUG: url: https://tsicmentorapp.org/api/middleware/createSession  
[2025-05-09 11:11:12] production.DEBUG: error message: Server error: `POST https://tsicmentorapp.org/api/middleware/createSession` resulted in a `500 Internal Server Error` response:
<!DOCTYPE html>
<html>
    <head>
        <meta charset="UTF-8" />
        <meta name="robots" content="noindex,nofollow (truncated...)
  
[2025-05-09 11:11:12] production.DEBUG: API response 1:   
[2025-05-09 11:11:12] production.ERROR: Failed to process session ID: 298935. Error: Trying to get property 'id' of non-object  
[2025-05-09 11:11:12] production.DEBUG: Session ID: 298936  
[2025-05-09 11:11:14] production.DEBUG: url: https://tsicmentorapp.org/api/middleware/createSession  
[2025-05-09 11:11:14] production.DEBUG: error message: Server error: `POST https://tsicmentorapp.org/api/middleware/createSession` resulted in a `500 Internal Server Error` response:
<!DOCTYPE html>
<html>
    <head>
        <meta charset="UTF-8" />
        <meta name="robots" content="noindex,nofollow (truncated...)
  
[2025-05-09 11:11:14] production.DEBUG: API response 1:   
[2025-05-09 11:11:14] production.ERROR: Failed to process session ID: 298936. Error: Trying to get property 'id' of non-object  
[2025-05-09 11:11:14] production.DEBUG: Session ID: 298937  
[2025-05-09 11:11:16] production.DEBUG: url: https://tsicmentorapp.org/api/middleware/createSession  
[2025-05-09 11:11:17] production.DEBUG: error message: Server error: `POST https://tsicmentorapp.org/api/middleware/createSession` resulted in a `500 Internal Server Error` response:
<!DOCTYPE html>
<html>
    <head>
        <meta charset="UTF-8" />
        <meta name="robots" content="noindex,nofollow (truncated...)
  
[2025-05-09 11:11:17] production.DEBUG: API response 1:   
[2025-05-09 11:11:17] production.ERROR: Failed to process session ID: 298937. Error: Trying to get property 'id' of non-object  
[2025-05-09 11:11:17] production.DEBUG: Session ID: 298938  
[2025-05-09 11:11:19] production.DEBUG: url: https://tsicmentorapp.org/api/middleware/createSession  
[2025-05-09 11:11:19] production.DEBUG: error message: Server error: `POST https://tsicmentorapp.org/api/middleware/createSession` resulted in a `500 Internal Server Error` response:
<!DOCTYPE html>
<html>
    <head>
        <meta charset="UTF-8" />
        <meta name="robots" content="noindex,nofollow (truncated...)
  
[2025-05-09 11:11:19] production.DEBUG: API response 1:   
[2025-05-09 11:11:19] production.ERROR: Failed to process session ID: 298938. Error: Trying to get property 'id' of non-object  
[2025-05-09 11:11:19] production.DEBUG: Session ID: 298962  
[2025-05-09 11:11:19] production.DEBUG: Session ID: 299101  
[2025-05-09 11:11:19] production.DEBUG: Session ID: 299867  
[2025-05-09 11:11:19] production.DEBUG: Session ID: 300028  
[2025-05-09 11:11:19] production.DEBUG: Session ID: 300397  
[2025-05-09 11:11:21] production.DEBUG: url: https://tsicmentorapp.org/api/middleware/createSession  
[2025-05-09 11:11:21] production.DEBUG: error message: Server error: `POST https://tsicmentorapp.org/api/middleware/createSession` resulted in a `500 Internal Server Error` response:
<!DOCTYPE html>
<html>
    <head>
        <meta charset="UTF-8" />
        <meta name="robots" content="noindex,nofollow (truncated...)
  
[2025-05-09 11:11:21] production.DEBUG: API response 1:   
[2025-05-09 11:11:21] production.ERROR: Failed to process session ID: 300397. Error: Trying to get property 'id' of non-object  
[2025-05-09 11:11:21] production.DEBUG: Session ID: 300398  
[2025-05-09 11:11:23] production.DEBUG: url: https://tsicmentorapp.org/api/middleware/createSession  
[2025-05-09 11:11:23] production.DEBUG: error message: Server error: `POST https://tsicmentorapp.org/api/middleware/createSession` resulted in a `500 Internal Server Error` response:
<!DOCTYPE html>
<html>
    <head>
        <meta charset="UTF-8" />
        <meta name="robots" content="noindex,nofollow (truncated...)
  
[2025-05-09 11:11:23] production.DEBUG: API response 1:   
[2025-05-09 11:11:23] production.ERROR: Failed to process session ID: 300398. Error: Trying to get property 'id' of non-object  
[2025-05-09 11:11:23] production.DEBUG: Session ID: 300399  
[2025-05-09 11:11:25] production.DEBUG: url: https://tsicmentorapp.org/api/middleware/createSession  
[2025-05-09 11:11:26] production.DEBUG: error message: Server error: `POST https://tsicmentorapp.org/api/middleware/createSession` resulted in a `500 Internal Server Error` response:
<!DOCTYPE html>
<html>
    <head>
        <meta charset="UTF-8" />
        <meta name="robots" content="noindex,nofollow (truncated...)
  
[2025-05-09 11:11:26] production.DEBUG: API response 1:   
[2025-05-09 11:11:26] production.ERROR: Failed to process session ID: 300399. Error: Trying to get property 'id' of non-object  
[2025-05-09 11:11:26] production.DEBUG: Session ID: 300400  
[2025-05-09 11:11:28] production.DEBUG: url: https://tsicmentorapp.org/api/middleware/createSession  
[2025-05-09 11:11:28] production.DEBUG: error message: Server error: `POST https://tsicmentorapp.org/api/middleware/createSession` resulted in a `500 Internal Server Error` response:
<!DOCTYPE html>
<html>
    <head>
        <meta charset="UTF-8" />
        <meta name="robots" content="noindex,nofollow (truncated...)
  
[2025-05-09 11:11:28] production.DEBUG: API response 1:   
[2025-05-09 11:11:28] production.ERROR: Failed to process session ID: 300400. Error: Trying to get property 'id' of non-object  
[2025-05-09 11:11:28] production.DEBUG: Session ID: 300401  
[2025-05-09 11:11:30] production.DEBUG: url: https://tsicmentorapp.org/api/middleware/createSession  
[2025-05-09 11:11:30] production.DEBUG: error message: Server error: `POST https://tsicmentorapp.org/api/middleware/createSession` resulted in a `500 Internal Server Error` response:
<!DOCTYPE html>
<html>
    <head>
        <meta charset="UTF-8" />
        <meta name="robots" content="noindex,nofollow (truncated...)
  
[2025-05-09 11:11:30] production.DEBUG: API response 1:   
[2025-05-09 11:11:30] production.ERROR: Failed to process session ID: 300401. Error: Trying to get property 'id' of non-object  
[2025-05-09 11:11:30] production.DEBUG: Session ID: 300402  
[2025-05-09 11:11:32] production.DEBUG: url: https://tsicmentorapp.org/api/middleware/createSession  
[2025-05-09 11:11:33] production.DEBUG: error message: Server error: `POST https://tsicmentorapp.org/api/middleware/createSession` resulted in a `500 Internal Server Error` response:
<!DOCTYPE html>
<html>
    <head>
        <meta charset="UTF-8" />
        <meta name="robots" content="noindex,nofollow (truncated...)
  
[2025-05-09 11:11:33] production.DEBUG: API response 1:   
[2025-05-09 11:11:33] production.ERROR: Failed to process session ID: 300402. Error: Trying to get property 'id' of non-object  
[2025-05-09 11:30:35] production.DEBUG: Session ID: 298938  
[2025-05-09 11:30:37] production.DEBUG: url: https://tsicmentorapp.org/api/middleware/createSession  
[2025-05-09 11:30:37] production.DEBUG: token: 00D5e000001NveZ!AQEAQCoHBIpUPgS1mqD3K3vBpZAsAbv_yYAf4srWq0F.VwqTH7N5JMdL6RUiKGVPokKLBWyw7xUtJwJ0sUkyLSbnheSaJ33M  
[2025-05-09 11:30:37] production.DEBUG: baseURL: https://hopeforce.my.salesforce.com  
[2025-05-09 11:30:37] production.DEBUG: json: Array
(
    [serviceID] => a1vNt000000SZNfIAO
    [studentID] => 003Nt00000FioEcIAJ
    [mentorID] => 003Nt00000FiSMvIAN
    [sessionDate] => 2025-04-24
    [sessionDuration] => 30
    [sessionNote] => At PVHS
    [sessionTypeID] => 2
    [sessionSourceID] => 2
    [sessionLocationID] => 0
)
  
[2025-05-09 11:30:37] production.DEBUG: error message: Server error: `POST https://tsicmentorapp.org/api/middleware/createSession` resulted in a `500 Internal Server Error` response:
<!DOCTYPE html>
<html>
    <head>
        <meta charset="UTF-8" />
        <meta name="robots" content="noindex,nofollow (truncated...)
  
[2025-05-09 11:30:37] production.DEBUG: API response 1:   
[2025-05-09 11:30:37] production.ERROR: Failed to process session ID: 298938. Error: Trying to get property 'id' of non-object  
[2025-05-09 11:36:46] production.DEBUG: SalesForce API ERROR:: Client error: `POST https://hopeforce.my.salesforce.com/services/data/v56.0/sobjects/pmdm__ServiceDelivery__c` resulted in a `400 Bad Request` response:
[{"message":"insufficient access rights on cross-reference id: 003Nt00000FiSMv","errorCode":"INSUFFICIENT_ACCESS_ON_CROS (truncated...)
  
[2025-05-09 11:36:46] production.DEBUG: SF response 2: Array
(
    [0] => Array
        (
            [message] => insufficient access rights on cross-reference id: 003Nt00000FiSMv
            [errorCode] => INSUFFICIENT_ACCESS_ON_CROSS_REFERENCE_ENTITY
            [fields] => Array
                (
                )

        )

)
  
[2025-05-09 11:36:46] production.DEBUG: createSession response: Array
(
    [success] => 
    [data] => Array
        (
            [id] => 
        )

    [code] => 400
)
  
[2025-05-09 11:37:26] production.DEBUG: Session ID: 298938  
[2025-05-09 11:37:29] production.DEBUG: url: https://tsicmentorapp.org/api/middleware/createSession  
[2025-05-09 11:37:29] production.DEBUG: token: 00D5e000001NveZ!AQEAQCoHBIpUPgS1mqD3K3vBpZAsAbv_yYAf4srWq0F.VwqTH7N5JMdL6RUiKGVPokKLBWyw7xUtJwJ0sUkyLSbnheSaJ33M  
[2025-05-09 11:37:29] production.DEBUG: baseURL: https://hopeforce.my.salesforce.com  
[2025-05-09 11:37:29] production.DEBUG: json: Array
(
    [serviceID] => a1vNt000000SZNfIAO
    [studentID] => 003Nt00000FioEcIAJ
    [mentorID] => 003Nt00000FiSMvIAN
    [sessionDate] => 2025-04-24
    [sessionDuration] => 30
    [sessionNote] => At PVHS
    [sessionTypeID] => 2
    [sessionSourceID] => 2
    [sessionLocationID] => 0
)
  
[2025-05-09 11:37:29] production.DEBUG: SalesForce API ERROR:: Client error: `POST https://hopeforce.my.salesforce.com/services/data/v56.0/sobjects/pmdm__ServiceDelivery__c` resulted in a `400 Bad Request` response:
[{"message":"insufficient access rights on cross-reference id: 003Nt00000FiSMv","errorCode":"INSUFFICIENT_ACCESS_ON_CROS (truncated...)
  
[2025-05-09 11:37:29] production.DEBUG: SF response 2: Array
(
    [0] => Array
        (
            [message] => insufficient access rights on cross-reference id: 003Nt00000FiSMv
            [errorCode] => INSUFFICIENT_ACCESS_ON_CROSS_REFERENCE_ENTITY
            [fields] => Array
                (
                )

        )

)
  
[2025-05-09 11:37:29] production.DEBUG: createSession response: Array
(
    [success] => 
    [data] => Array
        (
            [id] => 
        )

    [code] => 400
)
  
[2025-05-09 11:37:29] production.DEBUG: error message: Client error: `POST https://tsicmentorapp.org/api/middleware/createSession` resulted in a `400 Bad Request` response:
{"success":false,"data":{"id":null},"code":400}
  
[2025-05-09 11:37:29] production.DEBUG: API response 1:   
[2025-05-09 11:37:29] production.ERROR: Failed to process session ID: 298938. Error: Trying to get property 'id' of non-object  
